 rgbConvertMex

 Timestamp is 52a279d3 (Sat Dec 07 10:28:51 2013)

 Preferred load address is 10000000

 Start         Length     Name                   Class
 0001:00000000 00004bf6H .text                   CODE
 0002:00000000 000000ccH .idata$5                DATA
 0002:000000cc 00000004H .CRT$XCA                DATA
 0002:000000d0 00000004H .CRT$XCZ                DATA
 0002:000000d4 00000004H .CRT$XIA                DATA
 0002:000000d8 00000004H .CRT$XIAA               DATA
 0002:000000dc 00000004H .CRT$XIC                DATA
 0002:000000e0 00000004H .CRT$XIZ                DATA
 0002:000000e8 00000328H .rdata                  DATA
 0002:00000410 00000048H .rdata$r                DATA
 0002:00000460 00000004H .rdata$sxdata           DATA
 0002:00000464 00000004H .rtc$IAA                DATA
 0002:00000468 00000004H .rtc$IZZ                DATA
 0002:0000046c 00000004H .rtc$TAA                DATA
 0002:00000470 00000004H .rtc$TZZ                DATA
 0002:00000478 000000c4H .xdata$x                DATA
 0002:0000053c 00000050H .idata$2                DATA
 0002:0000058c 00000014H .idata$3                DATA
 0002:000005a0 000000ccH .idata$4                DATA
 0002:0000066c 000003d6H .idata$6                DATA
 0002:00000a50 00000053H .edata                  DATA
 0003:00000000 00000058H .data                   DATA
 0003:00000058 00003538H .bss                    DATA

  Address         Publics by Value              Rva+Base       Lib:Object

 0000:00000000       __except_list              00000000     <absolute>
 0000:00000001       ___safe_se_handler_count   00000001     <absolute>
 0000:00009876       __ldused                   00009876     <absolute>
 0000:00009876       __fltused                  00009876     <absolute>
 0000:00000000       ___ImageBase               10000000     <linker-defined>
 0001:00000000       ??$rgb2gray@NM@@YAXPANPAMHM@Z 10001000 f   rgbConvertMex.obj
 0001:000000f0       ??$normalize@MN@@YAXPAMPANHN@Z 100010f0 f i rgbConvertMex.obj
 0001:00000160       ??$rgb2gray@MN@@YAXPAMPANHN@Z 10001160 f i rgbConvertMex.obj
 0001:00000250       ??$rgb2hsv@MN@@YAXPAMPANHN@Z 10001250 f i rgbConvertMex.obj
 0001:000003b0       ??$normalize@MM@@YAXPAM0HM@Z 100013b0 f i rgbConvertMex.obj
 0001:00000420       ??$rgb2gray@MM@@YAXPAM0HM@Z 10001420 f i rgbConvertMex.obj
 0001:00000540       ??$rgb2hsv@MM@@YAXPAM0HM@Z 10001540 f i rgbConvertMex.obj
 0001:000006f0       ??$normalize@NN@@YAXPAN0HN@Z 100016f0 f i rgbConvertMex.obj
 0001:00000760       ??$rgb2gray@NN@@YAXPAN0HN@Z 10001760 f i rgbConvertMex.obj
 0001:00000870       ??$rgb2hsv@NN@@YAXPAN0HN@Z 10001870 f i rgbConvertMex.obj
 0001:000009d0       ??$normalize@NM@@YAXPANPAMHM@Z 100019d0 f i rgbConvertMex.obj
 0001:00000a60       ??$rgb2hsv@NM@@YAXPANPAMHM@Z 10001a60 f i rgbConvertMex.obj
 0001:00000c10       ??$normalize@EN@@YAXPAEPANHN@Z 10001c10 f i rgbConvertMex.obj
 0001:00000cb0       ??$rgb2gray@EN@@YAXPAEPANHN@Z 10001cb0 f i rgbConvertMex.obj
 0001:00000e10       ??$rgb2hsv@EN@@YAXPAEPANHN@Z 10001e10 f i rgbConvertMex.obj
 0001:00000f70       ??$normalize@EM@@YAXPAEPAMHM@Z 10001f70 f i rgbConvertMex.obj
 0001:00001010       ??$rgb2gray@EM@@YAXPAEPAMHM@Z 10002010 f i rgbConvertMex.obj
 0001:00001180       ??$rgb2hsv@EM@@YAXPAEPAMHM@Z 10002180 f i rgbConvertMex.obj
 0001:00001340       ??$rgb2luv_setup@M@@YAPAMMPAM00AAM111@Z 10002340 f i rgbConvertMex.obj
 0001:00001490       ??$rgb2luv_setup@N@@YAPANNPAN00AAN111@Z 10002490 f i rgbConvertMex.obj
 0001:000015d0       ??$rgb2luv@MN@@YAXPAMPANHN@Z 100025d0 f i rgbConvertMex.obj
 0001:00001730       ??$rgb2luv@MM@@YAXPAM0HM@Z 10002730 f i rgbConvertMex.obj
 0001:000018e0       ??$rgb2luv@NN@@YAXPAN0HN@Z 100028e0 f i rgbConvertMex.obj
 0001:00001a50       ??$rgb2luv@NM@@YAXPANPAMHM@Z 10002a50 f i rgbConvertMex.obj
 0001:00001bf0       ??$rgb2luv@EN@@YAXPAEPANHN@Z 10002bf0 f i rgbConvertMex.obj
 0001:00001d60       ??$rgb2luv@EM@@YAXPAEPAMHM@Z 10002d60 f i rgbConvertMex.obj
 0001:00001f10       ??$rgb2luv_sse@M@@YAXPAM0HM@Z 10002f10 f i rgbConvertMex.obj
 0001:00002370       ??$rgb2luv_sse@N@@YAXPANPAMHM@Z 10003370 f i rgbConvertMex.obj
 0001:00002890       ??$rgb2luv_sse@E@@YAXPAEPAMHM@Z 10003890 f i rgbConvertMex.obj
 0001:00002e10       ??$rgbConvert@MN@@YAPANPAMHHHN@Z 10003e10 f i rgbConvertMex.obj
 0001:000030f0       ??$rgbConvert@MM@@YAPAMPAMHHHM@Z 100040f0 f i rgbConvertMex.obj
 0001:00003390       ??$rgbConvert@NN@@YAPANPANHHHN@Z 10004390 f i rgbConvertMex.obj
 0001:00003640       ??$rgbConvert@NM@@YAPAMPANHHHM@Z 10004640 f i rgbConvertMex.obj
 0001:00003900       ??$rgbConvert@EN@@YAPANPAEHHHN@Z 10004900 f i rgbConvertMex.obj
 0001:00003bb0       ??$rgbConvert@EM@@YAPAMPAEHHHM@Z 10004bb0 f i rgbConvertMex.obj
 0001:00003e40       _mexFunction               10004e40 f   rgbConvertMex.obj
 0001:0000407c       _mxMalloc                  1000507c f   libmx:libmx.dll
 0001:00004082       _mxSetDimensions_700       10005082 f   libmx:libmx.dll
 0001:00004088       _mxSetData                 10005088 f   libmx:libmx.dll
 0001:0000408e       _mxCreateNumericMatrix_700 1000508e f   libmx:libmx.dll
 0001:00004094       _mxGetClassID              10005094 f   libmx:libmx.dll
 0001:0000409a       _mxGetScalar               1000509a f   libmx:libmx.dll
 0001:000040a0       _mxGetPr                   100050a0 f   libmx:libmx.dll
 0001:000040a6       _mxGetNumberOfDimensions_700 100050a6 f   libmx:libmx.dll
 0001:000040ac       _mxGetDimensions_700       100050ac f   libmx:libmx.dll
 0001:000040b2       _mexErrMsgTxt              100050b2 f   libmex:libmex.dll
 0001:000040c0       __CIpow                    100050c0 f   MSVCRT:MSVCR90.dll
 0001:000040d0       __ftol2_sse                100050d0 f   MSVCRT:ftol2.obj
 0001:000040d9       __ftol2_pentium4           100050d9 f   MSVCRT:ftol2.obj
 0001:000040ec       __ftol2_sse_excpt          100050ec f   MSVCRT:ftol2.obj
 0001:00004106       __ftol2                    10005106 f   MSVCRT:ftol2.obj
 0001:0000417b       ??_Etype_info@@UAEPAXI@Z   1000517b f i MSVCRT:ti_inst.obj
 0001:00004216       __CRT_INIT@12              10005216 f   MSVCRT:crtdll.obj
 0001:00004552       __DllMainCRTStartup@12     10005552 f   MSVCRT:crtdll.obj
 0001:000045c5       __get_sse2_info            100055c5 f   MSVCRT:cpu_disp.obj
 0001:00004627       ___sse2_available_init     10005627 f   MSVCRT:cpu_disp.obj
 0001:00004634       ??3@YAXPAX@Z               10005634 f   MSVCRT:MSVCR90.dll
 0001:0000463a       ?__ArrayUnwind@@YGXPAXIHP6EX0@Z@Z 1000563a f   MSVCRT:ehvecdtr.obj
 0001:00004698       ??_M@YGXPAXIHP6EX0@Z@Z     10005698 f   MSVCRT:ehvecdtr.obj
 0001:000046fb       ___clean_type_info_names   100056fb f   MSVCRT:tncleanup.obj
 0001:00004707       __onexit                   10005707 f   MSVCRT:atonexit.obj
 0001:000047ac       _atexit                    100057ac f   MSVCRT:atonexit.obj
 0001:000047c3       __RTC_Initialize           100057c3 f   MSVCRT:_initsect_.obj
 0001:000047e9       __RTC_Terminate            100057e9 f   MSVCRT:_initsect_.obj
 0001:00004810       __ValidateImageBase        10005810 f   MSVCRT:pesect.obj
 0001:00004850       __FindPESection            10005850 f   MSVCRT:pesect.obj
 0001:000048a0       __IsNonwritableInCurrentImage 100058a0 f   MSVCRT:pesect.obj
 0001:0000495e       __initterm                 1000595e f   MSVCRT:MSVCR90.dll
 0001:00004964       __initterm_e               10005964 f   MSVCRT:MSVCR90.dll
 0001:0000496a       __amsg_exit                1000596a f   MSVCRT:MSVCR90.dll
 0001:00004970       ___CppXcptFilter           10005970 f   MSVCRT:MSVCR90.dll
 0001:00004976       _DllMain@12                10005976 f   MSVCRT:dllmain.obj
 0001:0000499c       __SEH_prolog4              1000599c f   MSVCRT:sehprolg4.obj
 0001:000049e1       __SEH_epilog4              100059e1 f   MSVCRT:sehprolg4.obj
 0001:000049f5       __except_handler4          100059f5 f   MSVCRT:chandler4gs.obj
 0001:00004a1a       ___security_init_cookie    10005a1a f   MSVCRT:gs_support.obj
 0001:00004ab0       ?terminate@@YAXXZ          10005ab0 f   MSVCRT:MSVCR90.dll
 0001:00004ab6       ??1type_info@@UAE@XZ       10005ab6 f   MSVCRT:MSVCR90.dll
 0001:00004ab6       ?_type_info_dtor_internal_method@type_info@@QAEXXZ 10005ab6 f   MSVCRT:MSVCR90.dll
 0001:00004abc       ___clean_type_info_names_internal 10005abc f   MSVCRT:MSVCR90.dll
 0001:00004ac2       __unlock                   10005ac2 f   MSVCRT:MSVCR90.dll
 0001:00004ac8       ___dllonexit               10005ac8 f   MSVCRT:MSVCR90.dll
 0001:00004ace       __lock                     10005ace f   MSVCRT:MSVCR90.dll
 0001:00004ad4       @__security_check_cookie@4 10005ad4 f   MSVCRT:secchk.obj
 0001:00004ae4       __except_handler4_common   10005ae4 f   MSVCRT:MSVCR90.dll
 0001:00004aea       ___report_gsfailure        10005aea f   MSVCRT:gs_report.obj
 0001:00004bf0       __crt_debugger_hook        10005bf0 f   MSVCRT:MSVCR90.dll
 0002:00000000       __imp__IsDebuggerPresent@0 10006000     kernel32:KERNEL32.dll
 0002:00000004       __imp__SetUnhandledExceptionFilter@4 10006004     kernel32:KERNEL32.dll
 0002:00000008       __imp__UnhandledExceptionFilter@4 10006008     kernel32:KERNEL32.dll
 0002:0000000c       __imp__GetCurrentProcess@0 1000600c     kernel32:KERNEL32.dll
 0002:00000010       __imp__TerminateProcess@8  10006010     kernel32:KERNEL32.dll
 0002:00000014       __imp__GetSystemTimeAsFileTime@4 10006014     kernel32:KERNEL32.dll
 0002:00000018       __imp__GetCurrentProcessId@0 10006018     kernel32:KERNEL32.dll
 0002:0000001c       __imp__GetCurrentThreadId@0 1000601c     kernel32:KERNEL32.dll
 0002:00000020       __imp__GetTickCount@0      10006020     kernel32:KERNEL32.dll
 0002:00000024       __imp__QueryPerformanceCounter@4 10006024     kernel32:KERNEL32.dll
 0002:00000028       __imp__DisableThreadLibraryCalls@4 10006028     kernel32:KERNEL32.dll
 0002:0000002c       __imp__InterlockedCompareExchange@12 1000602c     kernel32:KERNEL32.dll
 0002:00000030       __imp__InterlockedExchange@8 10006030     kernel32:KERNEL32.dll
 0002:00000034       __imp__Sleep@4             10006034     kernel32:KERNEL32.dll
 0002:00000038       \177KERNEL32_NULL_THUNK_DATA 10006038     kernel32:KERNEL32.dll
 0002:0000003c       __imp_??8type_info@@QBE_NABV0@@Z 1000603c     MSVCRT:MSVCR90.dll
 0002:00000040       __imp_??3@YAXPAX@Z         10006040     MSVCRT:MSVCR90.dll
 0002:00000044       __imp___encode_pointer     10006044     MSVCRT:MSVCR90.dll
 0002:00000048       __imp___malloc_crt         10006048     MSVCRT:MSVCR90.dll
 0002:0000004c       __imp_??9type_info@@QBE_NABV0@@Z 1000604c     MSVCRT:MSVCR90.dll
 0002:00000050       __imp___encoded_null       10006050     MSVCRT:MSVCR90.dll
 0002:00000054       __imp___decode_pointer     10006054     MSVCRT:MSVCR90.dll
 0002:00000058       __imp___initterm           10006058     MSVCRT:MSVCR90.dll
 0002:0000005c       __imp___initterm_e         1000605c     MSVCRT:MSVCR90.dll
 0002:00000060       __imp___amsg_exit          10006060     MSVCRT:MSVCR90.dll
 0002:00000064       __imp___adjust_fdiv        10006064     MSVCRT:MSVCR90.dll
 0002:00000068       __imp____CppXcptFilter     10006068     MSVCRT:MSVCR90.dll
 0002:0000006c       __imp_?terminate@@YAXXZ    1000606c     MSVCRT:MSVCR90.dll
 0002:00000070       __imp_?_type_info_dtor_internal_method@type_info@@QAEXXZ 10006070     MSVCRT:MSVCR90.dll
 0002:00000074       __imp____clean_type_info_names_internal 10006074     MSVCRT:MSVCR90.dll
 0002:00000078       __imp___unlock             10006078     MSVCRT:MSVCR90.dll
 0002:0000007c       __imp____dllonexit         1000607c     MSVCRT:MSVCR90.dll
 0002:00000080       __imp___lock               10006080     MSVCRT:MSVCR90.dll
 0002:00000084       __imp___onexit             10006084     MSVCRT:MSVCR90.dll
 0002:00000088       __imp___except_handler4_common 10006088     MSVCRT:MSVCR90.dll
 0002:0000008c       __imp___crt_debugger_hook  1000608c     MSVCRT:MSVCR90.dll
 0002:00000090       __imp___CIpow              10006090     MSVCRT:MSVCR90.dll
 0002:00000094       __imp__free                10006094     MSVCRT:MSVCR90.dll
 0002:00000098       \177MSVCR90_NULL_THUNK_DATA 10006098     MSVCRT:MSVCR90.dll
 0002:0000009c       __imp__mexErrMsgTxt        1000609c     libmex:libmex.dll
 0002:000000a0       \177libmex_NULL_THUNK_DATA 100060a0     libmex:libmex.dll
 0002:000000a4       __imp__mxGetDimensions_700 100060a4     libmx:libmx.dll
 0002:000000a8       __imp__mxGetNumberOfDimensions_700 100060a8     libmx:libmx.dll
 0002:000000ac       __imp__mxGetPr             100060ac     libmx:libmx.dll
 0002:000000b0       __imp__mxGetScalar         100060b0     libmx:libmx.dll
 0002:000000b4       __imp__mxGetClassID        100060b4     libmx:libmx.dll
 0002:000000b8       __imp__mxCreateNumericMatrix_700 100060b8     libmx:libmx.dll
 0002:000000bc       __imp__mxSetData           100060bc     libmx:libmx.dll
 0002:000000c0       __imp__mxSetDimensions_700 100060c0     libmx:libmx.dll
 0002:000000c4       __imp__mxMalloc            100060c4     libmx:libmx.dll
 0002:000000c8       \177libmx_NULL_THUNK_DATA  100060c8     libmx:libmx.dll
 0002:000000cc       ___xc_a                    100060cc     MSVCRT:cinitexe.obj
 0002:000000d0       ___xc_z                    100060d0     MSVCRT:cinitexe.obj
 0002:000000d4       ___xi_a                    100060d4     MSVCRT:cinitexe.obj
 0002:000000e0       ___xi_z                    100060e0     MSVCRT:cinitexe.obj
 0002:000000e8       ??_C@_0P@GHFPNOJB@bad?5allocation?$AA@ 100060e8     rgbConvertMex.obj
 0002:000000f8       __real@3fbd307957076270    100060f8     rgbConvertMex.obj
 0002:00000100       __real@3fe2c90e8eca43ed    10006100     rgbConvertMex.obj
 0002:00000108       __real@3fd321c48cc51c6b    10006108     rgbConvertMex.obj
 0002:00000110       __real@3fc5555555555555    10006110     rgbConvertMex.obj
 0002:00000118       __real@4010000000000000    10006118     rgbConvertMex.obj
 0002:00000120       __real@0000000000000000    10006120     rgbConvertMex.obj
 0002:00000128       __real@4000000000000000    10006128     rgbConvertMex.obj
 0002:00000130       __real@4018000000000000    10006130     rgbConvertMex.obj
 0002:00000138       __real@3fbd307960000000    10006138     rgbConvertMex.obj
 0002:00000140       __real@3fe2c90e80000000    10006140     rgbConvertMex.obj
 0002:00000148       __real@3fd321c480000000    10006148     rgbConvertMex.obj
 0002:00000150       __real@3fc5555560000000    10006150     rgbConvertMex.obj
 0002:00000158       __real@40c00000            10006158     rgbConvertMex.obj
 0002:00000160       __real@3f6e573ac0000000    10006160     rgbConvertMex.obj
 0002:00000168       __real@408c3a5ee0000000    10006168     rgbConvertMex.obj
 0002:00000170       __real@4030000000000000    10006170     rgbConvertMex.obj
 0002:00000178       __real@405d000000000000    10006178     rgbConvertMex.obj
 0002:00000180       __real@3fd5555555555555    10006180     rgbConvertMex.obj
 0002:00000188       __real@3c111aa7            10006188     rgbConvertMex.obj
 0002:00000190       __real@3f50000000000000    10006190     rgbConvertMex.obj
 0002:00000198       __real@befe1a8c            10006198     rgbConvertMex.obj
 0002:0000019c       __real@bea6dfc3            1000619c     rgbConvertMex.obj
 0002:000001a0       __real@3fee0dc340000000    100061a0     rgbConvertMex.obj
 0002:000001a8       __real@3fb242aee0000000    100061a8     rgbConvertMex.obj
 0002:000001b0       __real@3fc6d35a80000000    100061b0     rgbConvertMex.obj
 0002:000001b8       __real@3fc0953160000000    100061b8     rgbConvertMex.obj
 0002:000001c0       __real@3fe69ceb00000000    100061c0     rgbConvertMex.obj
 0002:000001c8       __real@3fd5dbf480000000    100061c8     rgbConvertMex.obj
 0002:000001d0       __real@3f94aada40000000    100061d0     rgbConvertMex.obj
 0002:000001d8       __real@3fcc6afcc0000000    100061d8     rgbConvertMex.obj
 0002:000001e0       __real@3fdb8e8640000000    100061e0     rgbConvertMex.obj
 0002:000001e8       __real@3eefc915            100061e8     rgbConvertMex.obj
 0002:000001ec       __real@3e4a94bc            100061ec     rgbConvertMex.obj
 0002:000001f0       __real@3f6e573ac901e574    100061f0     rgbConvertMex.obj
 0002:000001f8       __real@408c3a5ed097b424    100061f8     rgbConvertMex.obj
 0002:00000200       __real@3f822354d28f7cd6    10006200     rgbConvertMex.obj
 0002:00000208       __real@bfdfc3518a6dfc35    10006208     rgbConvertMex.obj
 0002:00000210       __real@bfd4dbf86a314dc0    10006210     rgbConvertMex.obj
 0002:00000218       __real@3fee0dc33721d53d    10006218     rgbConvertMex.obj
 0002:00000220       __real@3fb242aed1394318    10006220     rgbConvertMex.obj
 0002:00000228       __real@3fc6d35a858793de    10006228     rgbConvertMex.obj
 0002:00000230       __real@3fc09531550ca1cf    10006230     rgbConvertMex.obj
 0002:00000238       __real@3fe69ceaf251c194    10006238     rgbConvertMex.obj
 0002:00000240       __real@3fd5dbf487fcb924    10006240     rgbConvertMex.obj
 0002:00000248       __real@3f94aada33bd9cae    10006248     rgbConvertMex.obj
 0002:00000250       __real@3fcc6afcce1c5825    10006250     rgbConvertMex.obj
 0002:00000258       __real@3fdb8e8640208180    10006258     rgbConvertMex.obj
 0002:00000260       __real@3fddf922962cfd8f    10006260     rgbConvertMex.obj
 0002:00000268       __real@3fc952977c88e79b    10006268     rgbConvertMex.obj
 0002:00000270       __real@405d400000000000    10006270     rgbConvertMex.obj
 0002:00000278       __real@404a000000000000    10006278     rgbConvertMex.obj
 0002:00000280       __real@38aa95a5b7f87a0f    10006280     rgbConvertMex.obj
 0002:00000288       __real@402e000000000000    10006288     rgbConvertMex.obj
 0002:00000290       __real@4008000000000000    10006290     rgbConvertMex.obj
 0002:00000298       __real@c090000000000000    10006298     rgbConvertMex.obj
 0002:000002a0       __real@402a000000000000    100062a0     rgbConvertMex.obj
 0002:000002a8       __real@38aa95a5c0000000    100062a8     rgbConvertMex.obj
 0002:000002b0       __real@44800000            100062b0     rgbConvertMex.obj
 0002:000002b4       __real@42ea0000            100062b4     rgbConvertMex.obj
 0002:000002b8       __real@42500000            100062b8     rgbConvertMex.obj
 0002:000002bc       __real@0554ad2e            100062bc     rgbConvertMex.obj
 0002:000002c0       __real@40400000            100062c0     rgbConvertMex.obj
 0002:000002c4       __real@41700000            100062c4     rgbConvertMex.obj
 0002:000002c8       ??_C@_0O@NLADMIAO@Unknown?5flag?4?$AA@ 100062c8     rgbConvertMex.obj
 0002:000002d8       ??_C@_0DD@NIJHCPAO@For?5floats?5all?5values?5in?5I?5must?5@ 100062d8     rgbConvertMex.obj
 0002:00000310       __real@3ff004189374bc6a    10006310     rgbConvertMex.obj
 0002:00000318       __real@3f8020c5            10006318     rgbConvertMex.obj
 0002:00000320       __real@3ff00418a0000000    10006320     rgbConvertMex.obj
 0002:00000328       ??_C@_0BI@POILHFJ@Unsupported?5image?5type?4?$AA@ 10006328     rgbConvertMex.obj
 0002:00000340       __real@3b808081            10006340     rgbConvertMex.obj
 0002:00000348       __real@3f70101010101010    10006348     rgbConvertMex.obj
 0002:00000350       ??_C@_0DA@CMBLLNN@I?5must?5have?5third?5dimension?5d?$DN?$DN1@ 10006350     rgbConvertMex.obj
 0002:00000380       ??_C@_0BF@ILNHBKMD@One?5output?5expected?4?$AA@ 10006380     rgbConvertMex.obj
 0002:00000398       ??_C@_0BH@LNJDOJNH@Three?5inputs?5expected?4?$AA@ 10006398     rgbConvertMex.obj
 0002:000003b4       ??_7type_info@@6B@         100063b4     MSVCRT:ti_inst.obj
 0002:000003b8       __pRawDllMain              100063b8     MSVCRT:crtdll.obj
 0002:000003b8       __pDefaultRawDllMain       100063b8     MSVCRT:crtdll.obj
 0002:000003c8       __load_config_used         100063c8     MSVCRT:loadcfg.obj
 0002:00000410       ??_R4type_info@@6B@        10006410     MSVCRT:ti_inst.obj
 0002:00000424       ??_R3type_info@@8          10006424     MSVCRT:ti_inst.obj
 0002:00000434       ??_R2type_info@@8          10006434     MSVCRT:ti_inst.obj
 0002:0000043c       ??_R1A@?0A@EA@type_info@@8 1000643c     MSVCRT:ti_inst.obj
 0002:00000460       ___safe_se_handler_table   10006460     <linker-defined>
 0002:00000464       ___rtc_iaa                 10006464     MSVCRT:_initsect_.obj
 0002:00000468       ___rtc_izz                 10006468     MSVCRT:_initsect_.obj
 0002:0000046c       ___rtc_taa                 1000646c     MSVCRT:_initsect_.obj
 0002:00000470       ___rtc_tzz                 10006470     MSVCRT:_initsect_.obj
 0002:0000053c       __IMPORT_DESCRIPTOR_libmx  1000653c     libmx:libmx.dll
 0002:00000550       __IMPORT_DESCRIPTOR_libmex 10006550     libmex:libmex.dll
 0002:00000564       __IMPORT_DESCRIPTOR_MSVCR90 10006564     MSVCRT:MSVCR90.dll
 0002:00000578       __IMPORT_DESCRIPTOR_KERNEL32 10006578     kernel32:KERNEL32.dll
 0002:0000058c       __NULL_IMPORT_DESCRIPTOR   1000658c     libmx:libmx.dll
 0003:00000004       ??_R0M@8                   10007004     rgbConvertMex.obj
 0003:00000010       ??_R0N@8                   10007010     rgbConvertMex.obj
 0003:0000001c       ??_R0E@8                   1000701c     rgbConvertMex.obj
 0003:00000030       ??_R0?AVtype_info@@@8      10007030     MSVCRT:ti_inst.obj
 0003:00000048       ___native_dllmain_reason   10007048     MSVCRT:natstart.obj
 0003:0000004c       ___native_vcclrit_reason   1000704c     MSVCRT:natstart.obj
 0003:00000050       ___security_cookie         10007050     MSVCRT:gs_cookie.obj
 0003:00000054       ___security_cookie_complement 10007054     MSVCRT:gs_cookie.obj
 0003:00000058       ?lTable@?1???$rgb2luv_setup@M@@YAPAMMPAM00AAM111@Z@4PAMA 10007058     rgbConvertMex.obj
 0003:000010f8       ?lInit@?1???$rgb2luv_setup@M@@YAPAMMPAM00AAM111@Z@4_NA 100080f8     rgbConvertMex.obj
 0003:00001100       ?lTable@?1???$rgb2luv_setup@N@@YAPANNPAN00AAN111@Z@4PANA 10008100     rgbConvertMex.obj
 0003:00003240       ?lInit@?1???$rgb2luv_setup@N@@YAPANNPAN00AAN111@Z@4_NA 1000a240     rgbConvertMex.obj
 0003:00003248       ?__type_info_root_node@@3U__type_info_node@@A 1000a248     MSVCRT:tncleanup.obj
 0003:00003574       __adjust_fdiv              1000a574     <common>
 0003:00003578       ___native_startup_state    1000a578     <common>
 0003:0000357c       ___native_startup_lock     1000a57c     <common>
 0003:00003580       ___onexitend               1000a580     <common>
 0003:00003584       ___onexitbegin             1000a584     <common>
 0003:00003588       ___sse2_available          1000a588     <common>
 0003:0000358c       ___dyn_tls_init_callback   1000a58c     <common>

 entry point at        0001:00004552

 Static symbols

 0001:000041c7       _pre_c_init                100051c7 f   MSVCRT:crtdll.obj
 0001:0000443c       ___DllMainCRTStartup       1000543c f   MSVCRT:crtdll.obj
 0001:00004575       _has_osfxsr_set            10005575 f   MSVCRT:cpu_disp.obj
